[dotenv@17.3.1] injecting env (10) from .env.local -- tip: ≡ƒöÉ prevent committing .env to code: https://dotenvx.com/precommit
Found payment: new ObjectId('699c46647afd012a366909b6') with status pending
Lean payment: new ObjectId('699c46647afd012a366909b6')
Updating payment...
node : (node:16360) [MONGOOSE] 
Warning: mongoose: the `new` 
option for 
`findOneAndUpdate()` and 
`findOneAndReplace()` is 
deprecated. Use 
`returnDocument: 'after'` 
instead.
At line:1 char:1
+ node scripts/test-update.js 
> test-output.log 2>&1
+ ~~~~~~~~~~~~~~~~~~~~~~~~~~~~~
~~~~~~~~~~~~~~~~~~~~~
    + CategoryInfo          :  
   NotSpecified: ((node:16360  
  ) [M...fter'` instead.:Str   
 ing) [], RemoteException
    + FullyQualifiedErrorId :  
   NativeCommandError
 
(Use `node --trace-warnings 
...` to show where the warning 
was created)
Update result is: successful
Database status is now: successful
