components/ui/apple-cards-carousel.tsx(185,19): error TS2345: Argument of type 'RefObject<HTMLDivElement | null>' is not assignable to parameter of type 'RefObject<HTMLDivElement>'.
  Type 'HTMLDivElement | null' is not assignable to type 'HTMLDivElement'.
    Type 'null' is not assignable to type 'HTMLDivElement'.
